// Jest Snapshot v1, https://goo.gl/fbAQLP

exports[`should render List Item Preview correctly 1`] = `
<div
  className="list-item"
  style={
    Object {
      "width": "300px",
    }
  }
>
  <div
    className="list-item__content"
  >
    Test
  </div>
  <button
    className="list-item__delete-button"
  >
    <Icon
      fill="currentColor"
      icon={
        Object {
          "children": Array [
            Object {
              "attribs": Object {
                "d": "M19 6.41L17.59 5 12 10.59 6.41 5 5 6.41 10.59 12 5 17.59 6.41 19 12 13.41 17.59 19 19 17.59 13.41 12z",
              },
              "name": "path",
            },
          ],
          "viewBox": "0 0 24 24",
        }
      }
      size={16}
    />
  </button>
</div>
`;
