// Jest Snapshot v1, https://goo.gl/fbAQLP

exports[`should render MapWrapper correctly 1`] = `
<AsyncScriptLoader
  forwardedRef={null}
/>
`;
